<html>
<body>
<pre>
<h1>µVision Build Log</h1>
<h2>Tool Versions:</h2>
IDE-Version: µVision V5.39.0.0
Copyright (C) 2023 ARM Ltd and ARM Germany GmbH. All rights reserved.
License Information: Mohamed Salem, Mansoura University, LIC=----
 
Tool Versions:
Toolchain:       MDK-Lite  Version: 5.39.0.0
Toolchain Path:  C:\Keil_v5\ARM\ARMCLANG\Bin
C Compiler:      ArmClang.exe V6.21
Assembler:       Armasm.exe V6.21
Linker/Locator:  ArmLink.exe V6.21
Library Manager: ArmAr.exe V6.21
Hex Converter:   FromElf.exe V6.21
CPU DLL:         SARMCM3.DLL V5.39.0.0
Dialog DLL:      DCM.DLL V1.17.5.0
Target DLL:      UL2CM3.DLL V1.164.9.0
Dialog DLL:      TCM.DLL V1.56.4.0
 
<h2>Project:</h2>
E:\C++\EmbeddedCppWithARM\EmbeddedCppWithArm.uvprojx
Project File Date:  12/20/2023

<h2>Output:</h2>
*** Using Compiler 'V6.21', folder: 'C:\Keil_v5\ARM\ARMCLANG\Bin'
Build target 'STMF446RE'
main.cpp(1): warning: In file included from...
./RCC.h(35): warning: C++98 requires newline at end of file [-Wc++98-compat-pedantic]
   35 | #endif  /* RCC_H_ */
      |                     ^
main.cpp(3): warning: no previous extern declaration for non-static variable 'RCC_object' [-Wmissing-variable-declarations]
    3 | rcc RCC_object;
      |     ^
main.cpp(3): note: declare 'static' if the variable is not intended to be used outside of this translation unit
    3 | rcc RCC_object;
      | ^
main.cpp(3): warning: declaration requires a global constructor [-Wglobal-constructors]
    3 | rcc RCC_object;
      |     ^~~~~~~~~~
main.cpp(5): warning: no previous extern declaration for non-static variable 'UsedPort' [-Wmissing-variable-declarations]
    5 | RCC_GpioPortName_t UsedPort = RCC_GPIO_PORT_A;
      |                    ^
main.cpp(5): note: declare 'static' if the variable is not intended to be used outside of this translation unit
    5 | RCC_GpioPortName_t UsedPort = RCC_GPIO_PORT_A;
      | ^
main.cpp(14): warning: C++98 requires newline at end of file [-Wc++98-compat-pedantic]
   14 | }
      |  ^
main.cpp(13): warning: 'return' will never be executed [-Wunreachable-code-return]
   13 |         return 0;
      |                ^
6 warnings generated.
compiling main.cpp...
linking...
Program Size: Code=772 RO-data=488 RW-data=4 ZI-data=1640  
".\Objects\EmbeddedCppWithArm.axf" - 0 Error(s), 6 Warning(s).

<h2>Software Packages used:</h2>

Package Vendor: ARM
                https://www.keil.com/pack/ARM.CMSIS.6.0.0.pack
                ARM::CMSIS@6.0.0
                CMSIS (Common Microcontroller Software Interface Standard)
   * Component: CORE Version: 6.0.0

Package Vendor: Keil
                https://www.keil.com/pack/Keil.STM32F4xx_DFP.2.17.1.pack
                Keil::STM32F4xx_DFP@2.17.1
                STMicroelectronics STM32F4 Series Device Support, Drivers and Examples
   * Component: Startup Version: 2.6.3

<h2>Collection of Component include folders:</h2>
  ./RTE/_STMF446RE
  C:/Users/m_hsa/AppData/Local/Arm/Packs/ARM/CMSIS/6.0.0/CMSIS/Core/Include
  C:/Users/m_hsa/AppData/Local/Arm/Packs/Keil/STM32F4xx_DFP/2.17.1/Drivers/CMSIS/Device/ST/STM32F4xx/Include

<h2>Collection of Component Files used:</h2>

   * Component: ARM::CMSIS:CORE@6.0.0

   * Component: Keil::Device:Startup@2.6.3
      Include file:  Drivers/CMSIS/Device/ST/STM32F4xx/Include/stm32f4xx.h
      Source file:   MDK/Device/Source/ARM/STM32F446xx_OPT.s
      Source file:   MDK/Device/Source/ARM/STM32F4xx_OTP.s
      Source file:   Drivers/CMSIS/Device/ST/STM32F4xx/Source/Templates/arm/startup_stm32f446xx.s
      Source file:   Drivers/CMSIS/Device/ST/STM32F4xx/Source/Templates/system_stm32f4xx.c
Build Time Elapsed:  00:00:01
</pre>
</body>
</html>
